******************************************************************************
                  TI ARM Linker PC v20.2.2                     
******************************************************************************
>> Linked Mon Apr 26 07:16:55 2021

OUTPUT FILE NAME:   <ADXL345_Test.out>
ENTRY POINT SYMBOL: "_c_int00_noargs"  address: 00000829


MEMORY CONFIGURATION

         name            origin    length      used     unused   attr    fill
----------------------  --------  ---------  --------  --------  ----  --------
  MAIN                  00000000   00040000  00000898  0003f768  R  X
  INFO                  00200000   00004000  00000000  00004000  R  X
  SRAM_CODE             01000000   00010000  00000204  0000fdfc  RW X
  SRAM_DATA             20000000   00010000  00000204  0000fdfc  RW  


SEGMENT ALLOCATION MAP

run origin  load origin   length   init length attrs members
----------  ----------- ---------- ----------- ----- -------
00000000    00000000    00000898   00000898    r-x
  00000000    00000000    000000e4   000000e4    r-- .intvecs
  000000e4    000000e4    0000079c   0000079c    r-x .text
  00000880    00000880    00000018   00000018    r-- .cinit
20000000    20000000    00000004   00000000    rw-
  20000000    20000000    00000004   00000000    rw- .data
2000fe00    2000fe00    00000200   00000000    rw-
  2000fe00    2000fe00    00000200   00000000    rw- .stack


SECTION ALLOCATION MAP

 output                                  attributes/
section   page    origin      length       input sections
--------  ----  ----------  ----------   ----------------
.intvecs   0    00000000    000000e4     
                  00000000    000000e4     startup_msp432p401r_ccs.obj (.intvecs:retain)

.text      0    000000e4    0000079c     
                  000000e4    00000334     system_msp432p401r.obj (.text)
                  00000418    00000148     spi.obj (.text)
                  00000560    00000110     adxl345.obj (.text)
                  00000670    0000009c     rtsv7M4_T_le_v4SPD16_eabi.lib : memcpy_t2.asm.obj (.text)
                  0000070c    00000070     main.obj (.text)
                  0000077c    00000068     rtsv7M4_T_le_v4SPD16_eabi.lib : copy_decompress_lzss.c.obj (.text:decompress:lzss:__TI_decompress_lzss)
                  000007e4    00000044                                   : autoinit.c.obj (.text:__TI_auto_init_nobinit_nopinit:__TI_auto_init_nobinit_nopinit)
                  00000828    00000034                                   : boot_cortex_m.c.obj (.text:_c_int00_noargs:_c_int00_noargs)
                  0000085c    0000000e                                   : copy_decompress_none.c.obj (.text:decompress:none:__TI_decompress_none)
                  0000086a    0000000e     startup_msp432p401r_ccs.obj (.text)
                  00000878    00000004     rtsv7M4_T_le_v4SPD16_eabi.lib : pre_init.c.obj (.text:_system_pre_init)
                  0000087c    00000004                                   : exit.c.obj (.text:abort:abort)

.cinit     0    00000880    00000018     
                  00000880    00000008     (.cinit..data.load) [load image, compression = lzss]
                  00000888    00000008     (__TI_handler_table)
                  00000890    00000008     (__TI_cinit_table)

.init_array 
*          0    00000000    00000000     UNINITIALIZED

.binit     0    00000000    00000000     

.data      0    20000000    00000004     UNINITIALIZED
                  20000000    00000004     system_msp432p401r.obj (.data)

.stack     0    2000fe00    00000200     UNINITIALIZED
                  2000fe00    00000004     rtsv7M4_T_le_v4SPD16_eabi.lib : boot_cortex_m.c.obj (.stack)
                  2000fe04    000001fc     --HOLE--

__llvm_prf_cnts 
*          0    20000000    00000000     UNINITIALIZED

MODULE SUMMARY

       Module                        code   ro data   rw data
       ------                        ----   -------   -------
    .\
       system_msp432p401r.obj        820    0         8      
       spi.obj                       328    0         0      
       adxl345.obj                   272    0         0      
       startup_msp432p401r_ccs.obj   14     228       0      
       main.obj                      112    0         0      
    +--+-----------------------------+------+---------+---------+
       Total:                        1546   228       8      
                                                             
    C:\ti\ccs1020\ccs\tools\compiler\ti-cgt-arm_20.2.2.LTS\lib\rtsv7M4_T_le_v4SPD16_eabi.lib
       memcpy_t2.asm.obj             156    0         0      
       copy_decompress_lzss.c.obj    104    0         0      
       autoinit.c.obj                68     0         0      
       boot_cortex_m.c.obj           52     0         0      
       copy_decompress_none.c.obj    14     0         0      
       exit.c.obj                    4      0         0      
       pre_init.c.obj                4      0         0      
    +--+-----------------------------+------+---------+---------+
       Total:                        402    0         0      
                                                             
       Stack:                        0      0         1024   
       Linker Generated:             0      24        0      
    +--+-----------------------------+------+---------+---------+
       Grand Total:                  1948   252       1032   


LINKER GENERATED COPY TABLES

__TI_cinit_table @ 00000890 records: 1, size/record: 8, table size: 8
	.data: load addr=00000880, load size=00000008 bytes, run addr=20000000, run size=00000004 bytes, compression=lzss


LINKER GENERATED HANDLER TABLE

__TI_handler_table @ 00000888 records: 2, size/record: 4, table size: 8
	index: 0, handler: __TI_decompress_lzss
	index: 1, handler: __TI_decompress_none


GLOBAL SYMBOLS: SORTED ALPHABETICALLY BY Name 

address   name                          
-------   ----                          
00000877  ADC14_IRQHandler              
000005df  ADXL345_GPIO_Init             
0000058d  ADXL345_Init                  
00000631  ADXL345_Port4_Interrupt_Enable
00000419  ADXL345_SPI_Init              
000004c9  ADXL345_SPI_Read              
00000479  ADXL345_SPI_Write             
00000877  AES256_IRQHandler             
00000877  BusFault_Handler              
0000087d  C$$EXIT                       
00000877  COMP_E0_IRQHandler            
00000877  COMP_E1_IRQHandler            
00000877  CS_IRQHandler                 
00000877  DMA_ERR_IRQHandler            
00000877  DMA_INT0_IRQHandler           
00000877  DMA_INT1_IRQHandler           
00000877  DMA_INT2_IRQHandler           
00000877  DMA_INT3_IRQHandler           
00000877  DebugMon_Handler              
00000877  Default_Handler               
00000877  EUSCIA0_IRQHandler            
00000877  EUSCIA1_IRQHandler            
00000877  EUSCIA2_IRQHandler            
00000877  EUSCIA3_IRQHandler            
00000877  EUSCIB0_IRQHandler            
00000877  EUSCIB1_IRQHandler            
00000877  EUSCIB2_IRQHandler            
00000877  EUSCIB3_IRQHandler            
00000877  FLCTL_IRQHandler              
00000877  FPU_IRQHandler                
00000877  HardFault_Handler             
00000877  MemManage_Handler             
00000877  NMI_Handler                   
00000877  PCM_IRQHandler                
00000877  PORT1_IRQHandler              
00000877  PORT2_IRQHandler              
00000877  PORT3_IRQHandler              
00000729  PORT4_IRQHandler              
00000729  PORT4_IRQHandler              
00000877  PORT5_IRQHandler              
00000877  PORT6_IRQHandler              
00000877  PSS_IRQHandler                
00000877  PendSV_Handler                
00000877  RTC_C_IRQHandler              
0000086b  Reset_Handler                 
00000877  SVC_Handler                   
00000877  SysTick_Handler               
20000000  SystemCoreClock               
000000e5  SystemCoreClockUpdate         
0000035d  SystemInit                    
00000877  T32_INT1_IRQHandler           
00000877  T32_INT2_IRQHandler           
00000877  T32_INTC_IRQHandler           
00000877  TA0_0_IRQHandler              
00000877  TA0_N_IRQHandler              
00000877  TA1_0_IRQHandler              
00000877  TA1_N_IRQHandler              
00000877  TA2_0_IRQHandler              
00000877  TA2_N_IRQHandler              
00000877  TA3_0_IRQHandler              
00000877  TA3_N_IRQHandler              
00000877  UsageFault_Handler            
4000480c  WDTCTL_SYM                    
00000877  WDT_A_IRQHandler              
20010000  __STACK_END                   
00000200  __STACK_SIZE                  
00000890  __TI_CINIT_Base               
00000898  __TI_CINIT_Limit              
00000888  __TI_Handler_Table_Base       
00000890  __TI_Handler_Table_Limit      
000007e5  __TI_auto_init_nobinit_nopinit
0000077d  __TI_decompress_lzss          
0000085d  __TI_decompress_none          
ffffffff  __TI_pprof_out_hndl           
ffffffff  __TI_prof_data_size           
ffffffff  __TI_prof_data_start          
00000000  __TI_static_base__            
00000671  __aeabi_memcpy                
00000671  __aeabi_memcpy4               
00000671  __aeabi_memcpy8               
ffffffff  __binit__                     
ffffffff  __c_args__                    
UNDEFED   __mpu_init                    
2000fe00  __stack                       
20000000  __start___llvm_prf_cnts       
20000000  __stop___llvm_prf_cnts        
00000829  _c_int00_noargs               
UNDEFED   _system_post_cinit            
00000879  _system_pre_init              
0000087d  abort                         
ffffffff  binit                         
00000000  interruptVectors              
0000070d  main                          
00000671  memcpy                        


GLOBAL SYMBOLS: SORTED BY Symbol Address 

address   name                          
-------   ----                          
00000000  __TI_static_base__            
00000000  interruptVectors              
000000e5  SystemCoreClockUpdate         
00000200  __STACK_SIZE                  
0000035d  SystemInit                    
00000419  ADXL345_SPI_Init              
00000479  ADXL345_SPI_Write             
000004c9  ADXL345_SPI_Read              
0000058d  ADXL345_Init                  
000005df  ADXL345_GPIO_Init             
00000631  ADXL345_Port4_Interrupt_Enable
00000671  __aeabi_memcpy                
00000671  __aeabi_memcpy4               
00000671  __aeabi_memcpy8               
00000671  memcpy                        
0000070d  main                          
00000729  PORT4_IRQHandler              
00000729  PORT4_IRQHandler              
0000077d  __TI_decompress_lzss          
000007e5  __TI_auto_init_nobinit_nopinit
00000829  _c_int00_noargs               
0000085d  __TI_decompress_none          
0000086b  Reset_Handler                 
00000877  ADC14_IRQHandler              
00000877  AES256_IRQHandler             
00000877  BusFault_Handler              
00000877  COMP_E0_IRQHandler            
00000877  COMP_E1_IRQHandler            
00000877  CS_IRQHandler                 
00000877  DMA_ERR_IRQHandler            
00000877  DMA_INT0_IRQHandler           
00000877  DMA_INT1_IRQHandler           
00000877  DMA_INT2_IRQHandler           
00000877  DMA_INT3_IRQHandler           
00000877  DebugMon_Handler              
00000877  Default_Handler               
00000877  EUSCIA0_IRQHandler            
00000877  EUSCIA1_IRQHandler            
00000877  EUSCIA2_IRQHandler            
00000877  EUSCIA3_IRQHandler            
00000877  EUSCIB0_IRQHandler            
00000877  EUSCIB1_IRQHandler            
00000877  EUSCIB2_IRQHandler            
00000877  EUSCIB3_IRQHandler            
00000877  FLCTL_IRQHandler              
00000877  FPU_IRQHandler                
00000877  HardFault_Handler             
00000877  MemManage_Handler             
00000877  NMI_Handler                   
00000877  PCM_IRQHandler                
00000877  PORT1_IRQHandler              
00000877  PORT2_IRQHandler              
00000877  PORT3_IRQHandler              
00000877  PORT5_IRQHandler              
00000877  PORT6_IRQHandler              
00000877  PSS_IRQHandler                
00000877  PendSV_Handler                
00000877  RTC_C_IRQHandler              
00000877  SVC_Handler                   
00000877  SysTick_Handler               
00000877  T32_INT1_IRQHandler           
00000877  T32_INT2_IRQHandler           
00000877  T32_INTC_IRQHandler           
00000877  TA0_0_IRQHandler              
00000877  TA0_N_IRQHandler              
00000877  TA1_0_IRQHandler              
00000877  TA1_N_IRQHandler              
00000877  TA2_0_IRQHandler              
00000877  TA2_N_IRQHandler              
00000877  TA3_0_IRQHandler              
00000877  TA3_N_IRQHandler              
00000877  UsageFault_Handler            
00000877  WDT_A_IRQHandler              
00000879  _system_pre_init              
0000087d  C$$EXIT                       
0000087d  abort                         
00000888  __TI_Handler_Table_Base       
00000890  __TI_CINIT_Base               
00000890  __TI_Handler_Table_Limit      
00000898  __TI_CINIT_Limit              
20000000  SystemCoreClock               
20000000  __start___llvm_prf_cnts       
20000000  __stop___llvm_prf_cnts        
2000fe00  __stack                       
20010000  __STACK_END                   
4000480c  WDTCTL_SYM                    
ffffffff  __TI_pprof_out_hndl           
ffffffff  __TI_prof_data_size           
ffffffff  __TI_prof_data_start          
ffffffff  __binit__                     
ffffffff  __c_args__                    
ffffffff  binit                         
UNDEFED   __mpu_init                    
UNDEFED   _system_post_cinit            

[94 symbols]
